ЁЯУб [youtubeService] Using binary: C:\Users\Jaloliddin\.gemini\antigravity\scratch\sadomedia\node_modules\youtube-dl-exec\bin\yt-dlp.exe
ЁЯЪА Starting Bulk Test...

--- Testing YouTube (20 videos) ---
[YT 1/20] Checking: https://www.youtube.com/watch?v=2KW70Gd0KT4
ЁЯФО [youtubeService] Fetching metadata via client: ios...
ЁЯФО [youtubeService] Fetching metadata via client: android...
node : тЪая╕П [youtubeService] Metadata fetch failed for ios: ERROR: [youtube] 2KW70Gd0KT
4: Requested format is not available. Use --list-formats for a list of available formats
At line:1 char:1
+ node test_bulk.js > test_log.txt 2>&1
+ ~~~~~~~~~~~~~~~~~~~~~~~~~~~~~~~~~~~~~
    + CategoryInfo              : NotSpecified: (тЪая╕    П [youtube...ailable fo    rmat
s:String) [], Remot    eException
    + FullyQualifiedErrorId     : NativeCommandError
 
   тЬЕ Metadata OK: Jill Leen x Crayon Shin chan Blush Resto
   тП│ Downloading video (720p)...
ЁЯЪА [youtubeService] Final video download flags: {
  output: 'C:\\Users\\Jaloliddin\\.gemini\\antigravity\\scratch\\sadomedia\\test_downloads\\yt_0_video.%(ext)s',
  noPlaylist: true,
  noWarnings: true,
  noColors: true,
  noProgress: true,
  concurrentFragments: 16,
  httpChunkSize: '10M',
  noMtime: true,
  noCheckCertificates: true,
  geoBypass: true,
  cookies: 'C:\\Users\\Jaloliddin\\.gemini\\antigravity\\scratch\\sadomedia\\cookies.txt',
  ffmpegLocation: 'C:\\Users\\Jaloliddin\\.gemini\\antigravity\\scratch\\sadomedia\\bin',
  format: 'best[height<=720][ext=mp4]/bestvideo[height<=720][ext=mp4]+bestaudio[ext=m4a]/bestvideo[height<=720]+bestaudio/best',
  mergeOutputFormat: 'mp4'
}
ЁЯУб [youtubeService] Attempting download with client: ios...
тЪая╕П [youtubeService] Client ios download failed: ERROR: [youtube] 2KW70Gd0KT4: Request
ed format is not available. Use --list-formats for a list of available formats
ЁЯУб [youtubeService] Attempting download with client: android...
тЪая╕П [youtubeService] Client android download failed: ERROR: unable to download video d
ata: HTTP Error 403: Forbidden
ЁЯУб [youtubeService] Attempting download with client: web...
тЪая╕П [youtubeService] Client web download failed: ERROR: [youtube] 2KW70Gd0KT4: Request
ed format is not available. Use --list-formats for a list of available formats
   тЭМ Failed: ERROR: unable to download video data: HTTP Error 403: Forbidden
[YT 2/20] Checking: https://www.youtube.com/watch?v=h_bMJRrGvTI
ЁЯФО [youtubeService] Fetching metadata via client: ios...
тЪая╕П [youtubeService] Metadata fetch failed for ios: ERROR: [youtube] h_bMJRrGvTI: Requ
ested format is not available. Use --list-formats for a list of available formats
ЁЯФО [youtubeService] Fetching metadata via client: android...
   тЬЕ Metadata OK: Saved a $40 palette instead of rebuying 
   тП│ Downloading audio (bestp)...
ЁЯО╡ [youtubeService] Audio download flags: {
  output: 'C:\\Users\\Jaloliddin\\.gemini\\antigravity\\scratch\\sadomedia\\test_downloads\\yt_1_audio.%(ext)s',
  noPlaylist: true,
  noWarnings: true,
  noColors: true,
  noProgress: true,
  concurrentFragments: 16,
  httpChunkSize: '10M',
  noMtime: true,
  noCheckCertificates: true,
  geoBypass: true,
  cookies: 'C:\\Users\\Jaloliddin\\.gemini\\antigravity\\scratch\\sadomedia\\cookies.txt',
  ffmpegLocation: 'C:\\Users\\Jaloliddin\\.gemini\\antigravity\\scratch\\sadomedia\\bin',
  extractAudio: true,
  audioFormat: 'mp3',
  audioQuality: '0',
  preferFfmpeg: true
}
ЁЯЪА [youtubeService] Final audio download flags: {
  output: 'C:\\Users\\Jaloliddin\\.gemini\\antigravity\\scratch\\sadomedia\\test_downloads\\yt_1_audio.%(ext)s',
  noPlaylist: true,
  noWarnings: true,
  noColors: true,
  noProgress: true,
  concurrentFragments: 16,
  httpChunkSize: '10M',
  noMtime: true,
  noCheckCertificates: true,
  geoBypass: true,
  cookies: 'C:\\Users\\Jaloliddin\\.gemini\\antigravity\\scratch\\sadomedia\\cookies.txt',
  ffmpegLocation: 'C:\\Users\\Jaloliddin\\.gemini\\antigravity\\scratch\\sadomedia\\bin',
  extractAudio: true,
  audioFormat: 'mp3',
  audioQuality: '0',
  preferFfmpeg: true
}
ЁЯУб [youtubeService] Attempting download with client: ios...
тЪая╕П [youtubeService] Client ios download failed: Deprecated Feature: The following opt
ions have been deprecated: --prefer-ffmpeg
Please remove them from your command/configuration to avoid future errors.
See  https://github.com/yt-dlp/yt-dlp/issues/14198  for more details
ERROR: [youtube] h_bMJRrGvTI: Requested format is not available. Use --list-formats for a
 list of available formats
ЁЯУб [youtubeService] Attempting download with client: android...
тЪая╕П [youtubeService] Client android download failed: Deprecated Feature: The following
 options have been deprecated: --prefer-ffmpeg
Please remove them from your command/configuration to avoid future errors.
See  https://github.com/yt-dlp/yt-dlp/issues/14198  for more details
ERROR: unable to download video data: HTTP Error 403: Forbidden
ЁЯУб [youtubeService] Attempting download with client: web...
тЪая╕П [youtubeService] Client web download failed: Deprecated Feature: The following opt
ions have been deprecated: --prefer-ffmpeg
Please remove them from your command/configuration to avoid future errors.
See  https://github.com/yt-dlp/yt-dlp/issues/14198  for more details
ERROR: [youtube] h_bMJRrGvTI: Requested format is not available. Use --list-formats for a
 list of available formats
   тЭМ Failed: Deprecated Feature: The following options have been deprecated: --prefer-f
fmpeg
Please remove them from your command/configuration to avoid future errors.
See  https://github.com/yt-dlp/yt-dlp/issues/14198  for more details
ERROR: unable to download video data: HTTP Error 403: Forbidden
[YT 3/20] Checking: https://www.youtube.com/watch?v=_Qey9es30cI
ЁЯФО [youtubeService] Fetching metadata via client: ios...
тЪая╕П [youtubeService] Metadata fetch failed for ios: ERROR: [youtube] _Qey9es30cI: Requ
ested format is not available. Use --list-formats for a list of available formats
ЁЯФО [youtubeService] Fetching metadata via client: android...
   тЬЕ Metadata OK: Satisfying Video that Heals Your Body & 
   тП│ Downloading video (bestp)...
ЁЯЪА [youtubeService] Final video download flags: {
  output: 'C:\\Users\\Jaloliddin\\.gemini\\antigravity\\scratch\\sadomedia\\test_downloads\\yt_2_video.%(ext)s',
  noPlaylist: true,
  noWarnings: true,
  noColors: true,
  noProgress: true,
  concurrentFragments: 16,
  httpChunkSize: '10M',
  noMtime: true,
  noCheckCertificates: true,
  geoBypass: true,
  cookies: 'C:\\Users\\Jaloliddin\\.gemini\\antigravity\\scratch\\sadomedia\\cookies.txt',
  ffmpegLocation: 'C:\\Users\\Jaloliddin\\.gemini\\antigravity\\scratch\\sadomedia\\bin',
  format: 'best[height<=?720][ext=mp4]/best[ext=mp4]/bestvideo[height<=?720]+bestaudio/best',
  mergeOutputFormat: 'mp4'
}
ЁЯУб [youtubeService] Attempting download with client: ios...
тЪая╕П [youtubeService] Client ios download failed: ERROR: [youtube] _Qey9es30cI: Request
ed format is not available. Use --list-formats for a list of available formats
ЁЯУб [youtubeService] Attempting download with client: android...
тЪая╕П [youtubeService] Client android download failed: ERROR: unable to download video d
ata: HTTP Error 403: Forbidden
ЁЯУб [youtubeService] Attempting download with client: web...
тЪая╕П [youtubeService] Client web download failed: ERROR: [youtube] _Qey9es30cI: Request
ed format is not available. Use --list-formats for a list of available formats
   тЭМ Failed: ERROR: unable to download video data: HTTP Error 403: Forbidden
[YT 4/20] Checking: https://www.youtube.com/watch?v=agEN2zPaEzY
ЁЯФО [youtubeService] Fetching metadata via client: ios...
